// Jest Snapshot v1, https://goo.gl/fbAQLP

exports[`Check All tests for CountryElement Component If it creates exact snapsshot of component 1`] = `
Object {
  "asFragment": [Function],
  "baseElement": <body>
    <div>
      <nav
        class="continent-navbar"
      >
        <span>
          2021
        </span>
        <span>
          Continent
        </span>
        <svg
          class="settings-icon"
          fill="none"
          height="1em"
          stroke="currentColor"
          stroke-linecap="round"
          stroke-linejoin="round"
          stroke-width="2"
          viewBox="0 0 24 24"
          width="1em"
          xmlns="http://www.w3.org/2000/svg"
        >
          <circle
            cx="12"
            cy="12"
            r="3"
          />
          <path
            d="M19.4 15a1.65 1.65 0 0 0 .33 1.82l.06.06a2 2 0 0 1 0 2.83 2 2 0 0 1-2.83 0l-.06-.06a1.65 1.65 0 0 0-1.82-.33 1.65 1.65 0 0 0-1 1.51V21a2 2 0 0 1-2 2 2 2 0 0 1-2-2v-.09A1.65 1.65 0 0 0 9 19.4a1.65 1.65 0 0 0-1.82.33l-.06.06a2 2 0 0 1-2.83 0 2 2 0 0 1 0-2.83l.06-.06a1.65 1.65 0 0 0 .33-1.82 1.65 1.65 0 0 0-1.51-1H3a2 2 0 0 1-2-2 2 2 0 0 1 2-2h.09A1.65 1.65 0 0 0 4.6 9a1.65 1.65 0 0 0-.33-1.82l-.06-.06a2 2 0 0 1 0-2.83 2 2 0 0 1 2.83 0l.06.06a1.65 1.65 0 0 0 1.82.33H9a1.65 1.65 0 0 0 1-1.51V3a2 2 0 0 1 2-2 2 2 0 0 1 2 2v.09a1.65 1.65 0 0 0 1 1.51 1.65 1.65 0 0 0 1.82-.33l.06-.06a2 2 0 0 1 2.83 0 2 2 0 0 1 0 2.83l-.06.06a1.65 1.65 0 0 0-.33 1.82V9a1.65 1.65 0 0 0 1.51 1H21a2 2 0 0 1 2 2 2 2 0 0 1-2 2h-.09a1.65 1.65 0 0 0-1.51 1z"
          />
        </svg>
      </nav>
      <div
        class="headline"
      >
        <div>
          <img
            alt="Map of Africa"
            class="africa"
            src="Africa.png"
          />
          <div
            class="african-details"
          >
            <span
              data-testid="map-item-continent"
            >
              Africa
            </span>
            <span>
              1
               Countries
            </span>
          </div>
        </div>
      </div>
      <div
        class="total-population"
      >
        Total Population: 40,135,620
      </div>
      <input
        id="search-countries"
        name="search-countries"
        placeholder="Search Country..."
        type="text"
        value=""
      />
      <section
        class="country-container"
      >
        <div
          class="country-div"
        >
          <a
            href="/country/Mozambique"
          >
            <div
              class="date"
            >
              Fri Nov 19 2021
            </div>
            <div
              class="country-details"
            >
              <img
                alt="Mozambique's Flag"
                class="flag"
                src="https://disease.sh/assets/img/flags/af.png"
              />
              <div>
                <h2
                  class="country-name"
                >
                  Mozambique
                </h2>
                <h2
                  class="population"
                >
                  40,135,620
                </h2>
              </div>
            </div>
          </a>
        </div>
      </section>
    </div>
  </body>,
  "container": <div>
    <nav
      class="continent-navbar"
    >
      <span>
        2021
      </span>
      <span>
        Continent
      </span>
      <svg
        class="settings-icon"
        fill="none"
        height="1em"
        stroke="currentColor"
        stroke-linecap="round"
        stroke-linejoin="round"
        stroke-width="2"
        viewBox="0 0 24 24"
        width="1em"
        xmlns="http://www.w3.org/2000/svg"
      >
        <circle
          cx="12"
          cy="12"
          r="3"
        />
        <path
          d="M19.4 15a1.65 1.65 0 0 0 .33 1.82l.06.06a2 2 0 0 1 0 2.83 2 2 0 0 1-2.83 0l-.06-.06a1.65 1.65 0 0 0-1.82-.33 1.65 1.65 0 0 0-1 1.51V21a2 2 0 0 1-2 2 2 2 0 0 1-2-2v-.09A1.65 1.65 0 0 0 9 19.4a1.65 1.65 0 0 0-1.82.33l-.06.06a2 2 0 0 1-2.83 0 2 2 0 0 1 0-2.83l.06-.06a1.65 1.65 0 0 0 .33-1.82 1.65 1.65 0 0 0-1.51-1H3a2 2 0 0 1-2-2 2 2 0 0 1 2-2h.09A1.65 1.65 0 0 0 4.6 9a1.65 1.65 0 0 0-.33-1.82l-.06-.06a2 2 0 0 1 0-2.83 2 2 0 0 1 2.83 0l.06.06a1.65 1.65 0 0 0 1.82.33H9a1.65 1.65 0 0 0 1-1.51V3a2 2 0 0 1 2-2 2 2 0 0 1 2 2v.09a1.65 1.65 0 0 0 1 1.51 1.65 1.65 0 0 0 1.82-.33l.06-.06a2 2 0 0 1 2.83 0 2 2 0 0 1 0 2.83l-.06.06a1.65 1.65 0 0 0-.33 1.82V9a1.65 1.65 0 0 0 1.51 1H21a2 2 0 0 1 2 2 2 2 0 0 1-2 2h-.09a1.65 1.65 0 0 0-1.51 1z"
        />
      </svg>
    </nav>
    <div
      class="headline"
    >
      <div>
        <img
          alt="Map of Africa"
          class="africa"
          src="Africa.png"
        />
        <div
          class="african-details"
        >
          <span
            data-testid="map-item-continent"
          >
            Africa
          </span>
          <span>
            1
               Countries
          </span>
        </div>
      </div>
    </div>
    <div
      class="total-population"
    >
      Total Population: 40,135,620
    </div>
    <input
      id="search-countries"
      name="search-countries"
      placeholder="Search Country..."
      type="text"
      value=""
    />
    <section
      class="country-container"
    >
      <div
        class="country-div"
      >
        <a
          href="/country/Mozambique"
        >
          <div
            class="date"
          >
            Fri Nov 19 2021
          </div>
          <div
            class="country-details"
          >
            <img
              alt="Mozambique's Flag"
              class="flag"
              src="https://disease.sh/assets/img/flags/af.png"
            />
            <div>
              <h2
                class="country-name"
              >
                Mozambique
              </h2>
              <h2
                class="population"
              >
                40,135,620
              </h2>
            </div>
          </div>
        </a>
      </div>
    </section>
  </div>,
  "debug": [Function],
  "findAllByAltText": [Function],
  "findAllByDisplayValue": [Function],
  "findAllByLabelText": [Function],
  "findAllByPlaceholderText": [Function],
  "findAllByRole": [Function],
  "findAllByTestId": [Function],
  "findAllByText": [Function],
  "findAllByTitle": [Function],
  "findByAltText": [Function],
  "findByDisplayValue": [Function],
  "findByLabelText": [Function],
  "findByPlaceholderText": [Function],
  "findByRole": [Function],
  "findByTestId": [Function],
  "findByText": [Function],
  "findByTitle": [Function],
  "getAllByAltText": [Function],
  "getAllByDisplayValue": [Function],
  "getAllByLabelText": [Function],
  "getAllByPlaceholderText": [Function],
  "getAllByRole": [Function],
  "getAllByTestId": [Function],
  "getAllByText": [Function],
  "getAllByTitle": [Function],
  "getByAltText": [Function],
  "getByDisplayValue": [Function],
  "getByLabelText": [Function],
  "getByPlaceholderText": [Function],
  "getByRole": [Function],
  "getByTestId": [Function],
  "getByText": [Function],
  "getByTitle": [Function],
  "queryAllByAltText": [Function],
  "queryAllByDisplayValue": [Function],
  "queryAllByLabelText": [Function],
  "queryAllByPlaceholderText": [Function],
  "queryAllByRole": [Function],
  "queryAllByTestId": [Function],
  "queryAllByText": [Function],
  "queryAllByTitle": [Function],
  "queryByAltText": [Function],
  "queryByDisplayValue": [Function],
  "queryByLabelText": [Function],
  "queryByPlaceholderText": [Function],
  "queryByRole": [Function],
  "queryByTestId": [Function],
  "queryByText": [Function],
  "queryByTitle": [Function],
  "rerender": [Function],
  "unmount": [Function],
}
`;
